Flutter crash report.
Please report a bug at https://github.com/flutter/flutter/issues.

## command

flutter run -d chrome

## exception

ShaderCompilerException: ShaderCompilerException: Shader compilation of "C:\flutter\src\flutter\packages\flutter\lib\src\material\shaders\ink_sparkle.frag" to "build\flutter_assets\shaders/ink_sparkle.frag" failed with exit code 1.
impellerc stdout:

impellerc stderr:
Could not write file to build\flutter_assets\shaders/ink_sparkle.frag.spirv




```
#0      ShaderCompiler.compileShader (package:flutter_tools/src/build_system/tools/shader_compiler.dart:190:9)
<asynchronous suspension>
#1      writeBundle.<anonymous closure> (package:flutter_tools/src/bundle_builder.dart:221:25)
<asynchronous suspension>
#2      Future.wait.<anonymous closure> (dart:async/future.dart:534:21)
<asynchronous suspension>
#3      writeBundle (package:flutter_tools/src/bundle_builder.dart:187:3)
<asynchronous suspension>
#4      WebDevFS.update (package:flutter_tools/src/isolated/devfs_web.dart:1005:9)
<asynchronous suspension>
#5      ResidentWebRunner._updateDevFS (package:flutter_tools/src/isolated/resident_web_runner.dart:583:35)
<asynchronous suspension>
#6      ResidentWebRunner.run.<anonymous closure> (package:flutter_tools/src/isolated/resident_web_runner.dart:334:41)
<asynchronous suspension>
#7      asyncGuard.<anonymous closure> (package:flutter_tools/src/base/async_guard.dart:111:24)
<asynchronous suspension>
```

## flutter doctor

```
[32m[✓][39m Flutter (Channel stable, 3.24.4, on Microsoft Windows [Version 10.0.22621.4317],
    locale en-PK)
    [32m•[39m Flutter version 3.24.4 on channel stable at C:\flutter\src\flutter
    [32m•[39m Upstream repository https://github.com/flutter/flutter.git
    [32m•[39m Framework revision 603104015d (9 weeks ago), 2024-10-24 08:01:25 -0700
    [32m•[39m Engine revision db49896cf2
    [32m•[39m Dart version 3.5.4
    [32m•[39m DevTools version 2.37.3

[32m[✓][39m Windows Version (Installed version of Windows is version 10 or higher)

[32m[✓][39m Android toolchain - develop for Android devices (Android SDK version 34.0.0)
    [32m•[39m Android SDK at C:\Users\Sharjeel\AppData\Local\Android\sdk
    [32m•[39m Platform android-34, build-tools 34.0.0
    [32m•[39m Java binary at: C:\Program Files\Common Files\Oracle\Java\javapath\java.exe
    [32m•[39m Java version Java(TM) SE Runtime Environment (build 17+35-LTS-2724)
    [32m•[39m All Android licenses accepted.

[32m[✓][39m Chrome - develop for the web
    [32m•[39m Chrome at C:\Program Files\Google\Chrome\Application\chrome.exe

[31m[✗][39m Visual Studio - develop Windows apps
    [31m✗[39m Visual Studio not installed; this is necessary to develop Windows apps.
      Download at https://visualstudio.microsoft.com/downloads/.
      Please install the "Desktop development with C++" workload, including all of its
      default components

[33m[!][39m Android Studio (version 2024.2)
    [32m•[39m Android Studio at E:\android studio setup
    [32m•[39m Flutter plugin can be installed from:
      🔨 https://plugins.jetbrains.com/plugin/9212-flutter
    [32m•[39m Dart plugin can be installed from:
      🔨 https://plugins.jetbrains.com/plugin/6351-dart
    [31m✗[39m Unable to determine bundled Java version.
    [32m•[39m Try updating or re-installing Android Studio.

[32m[✓][39m Connected device (3 available)
    [32m•[39m Windows (desktop) • windows • windows-x64    • Microsoft Windows [Version
      10.0.22621.4317]
    [32m•[39m Chrome (web)      • chrome  • web-javascript • Google Chrome 131.0.6778.205
    [32m•[39m Edge (web)        • edge    • web-javascript • Microsoft Edge 131.0.2903.99

[32m[✓][39m Network resources
    [32m•[39m All expected network resources are available.

[33m![39m Doctor found issues in 2 categories.
```
